../Core/Src/main.c:77:6:generate_sine_table	24	static
../Core/Src/main.c:85:6:update_frequency	32	static
../Core/Src/main.c:103:5:main	8	static
../Core/Src/main.c:161:6:SystemClock_Config	88	static
../Core/Src/main.c:209:13:MX_TIM1_Init	96	static
../Core/Src/main.c:284:13:MX_TIM2_Init	32	static
../Core/Src/main.c:329:13:MX_USART2_UART_Init	8	static
../Core/Src/main.c:362:13:MX_GPIO_Init	48	static
../Core/Src/main.c:395:6:HAL_TIM_PeriodElapsedCallback	16	static
../Core/Src/main.c:406:6:HAL_UART_RxCpltCallback	16	static
../Core/Src/main.c:431:6:Error_Handler	4	static,ignoring_inline_asm
